../Core/Src/main.c:245:13:MX_TIM2_Init	72	static,ignoring_inline_asm
../Core/Src/main.c:193:13:MX_ADC1_Init	32	static,ignoring_inline_asm
../Core/Src/main.c:146:6:SystemClock_Config	88	static,ignoring_inline_asm
../Core/Src/main.c:398:10:readIRSensor	32	static
../Core/Src/main.c:418:6:moveForward	8	static
../Core/Src/main.c:429:6:turnLeft	8	static
../Core/Src/main.c:443:6:turnRight	8	static
../Core/Src/main.c:457:6:stopMotors	0	static
../Core/Src/main.c:465:6:solveMaze	8	static
../Core/Src/main.c:95:5:main	48	static,ignoring_inline_asm
../Core/Src/main.c:547:6:Error_Handler	0	static,ignoring_inline_asm
