../Core/Src/main.c:104:5:main	8	static
../Core/Src/main.c:163:6:SystemClock_Config	88	static
../Core/Src/main.c:210:13:MX_ADC1_Init	24	static
../Core/Src/main.c:262:13:MX_TIM2_Init	64	static
../Core/Src/main.c:325:13:MX_USART2_UART_Init	8	static
../Core/Src/main.c:358:13:MX_GPIO_Init	48	static
../Core/Src/main.c:415:10:readIRSensor	40	static
../Core/Src/main.c:432:6:moveForward	8	static
../Core/Src/main.c:443:6:turnLeft	8	static
../Core/Src/main.c:457:6:turnRight	8	static
../Core/Src/main.c:471:6:stopMotors	4	static
../Core/Src/main.c:479:6:solveMaze	32	static
../Core/Src/main.c:566:6:Error_Handler	4	static,ignoring_inline_asm
