../Core/Src/main.c:104:5:main	8	static
../Core/Src/main.c:160:6:SystemClock_Config	88	static
../Core/Src/main.c:207:13:MX_ADC1_Init	24	static
../Core/Src/main.c:259:13:MX_TIM2_Init	64	static
../Core/Src/main.c:322:13:MX_USART2_UART_Init	8	static
../Core/Src/main.c:355:13:MX_GPIO_Init	48	static
../Core/Src/main.c:412:10:readIRSensor	40	static
../Core/Src/main.c:429:6:moveForward	8	static
../Core/Src/main.c:440:6:turnLeft	8	static
../Core/Src/main.c:454:6:turnRight	8	static
../Core/Src/main.c:468:6:stopMotors	4	static
../Core/Src/main.c:476:6:solveMaze	32	static
../Core/Src/main.c:560:6:Error_Handler	4	static,ignoring_inline_asm
